
> our-hax-project@0.1.0 build
> next build

Ôû▓ Next.js 16.1.6 (Turbopack)
- Environments: .env.local
- Experiments (use with caution):
  Ô£ô optimizeCss
  ┬À optimizePackageImports

  Creating an optimized production build ...
node.exe : 
At C:\Program Files\nod
ejs\npm.ps1:29 char:3
+   & $NODE_EXE 
$NPM_CLI_JS $args
+   ~~~~~~~~~~~~~~~~~~~
~~~~~~~~~~
    + CategoryInfo     
         : NotSpecifi  
  ed: (:String) [],    
 RemoteException
    + FullyQualifiedEr 
   rorId : NativeComm  
  andError
 
> Build error occurred
Error: Turbopack build 
failed with 3 errors:
./app/admin/orders/[id]
/page.tsx:6:1
Export sendShippingUpda
teEmail doesn't exist 
in target module
[0m [90m 4 |[39m 
[36mimport[39m { 
useParams[33m,[39m 
useRouter } 
[36mfrom[39m [32m"ne
xt/navigation"[39m
 [90m 5 |[39m 
[36mimport[39m { 
supabase[33m,[39m 
type [33mOrder[39m[3
3m,[39m type 
[33mOrderItem[39m } 
[36mfrom[39m [32m"@/
lib/supabase"[39m
[31m[1m>[22m[39m[9
0m 6 |[39m 
[36mimport[39m { send
ShippingUpdateEmail } 
[36mfrom[39m 
[32m"@/lib/email"[39m
 [90m   |[39m [31m[
1m^[22m[39m[31m[1m^
[22m[39m[31m[1m^[2
2m[39m[31m[1m^[22m
[39m[31m[1m^[22m[39
m[31m[1m^[22m[39m[
31m[1m^[22m[39m[31m
[1m^[22m[39m[31m[1
m^[22m[39m[31m[1m^
[22m[39m[31m[1m^[22
m[39m[31m[1m^[22m[
39m[31m[1m^[22m[39m
[31m[1m^[22m[39m[3
1m[1m^[22m[39m[31m
[1m^[22m[39m[31m[1m
^[22m[39m[31m[1m^[
22m[39m[31m[1m^[22m
[39m[31m[1m^[22m[3
9m[31m[1m^[22m[39m
[31m[1m^[22m[39m[31
m[1m^[22m[39m[31m[
1m^[22m[39m[31m[1m^
[22m[39m[31m[1m^[2
2m[39m[31m[1m^[22m
[39m[31m[1m^[22m[39
m[31m[1m^[22m[39m[
31m[1m^[22m[39m[31m
[1m^[22m[39m[31m[1
m^[22m[39m[31m[1m^
[22m[39m[31m[1m^[22
m[39m[31m[1m^[22m[
39m[31m[1m^[22m[39m
[31m[1m^[22m[39m[3
1m[1m^[22m[39m[31m
[1m^[22m[39m[31m[1m
^[22m[39m[31m[1m^[
22m[39m[31m[1m^[22m
[39m[31m[1m^[22m[3
9m[31m[1m^[22m[39m
[31m[1m^[22m[39m[31
m[1m^[22m[39m[31m[
1m^[22m[39m[31m[1m^
[22m[39m[31m[1m^[2
2m[39m[31m[1m^[22m
[39m[31m[1m^[22m[39
m[31m[1m^[22m[39m[
31m[1m^[22m[39m
 [90m 7 |[39m 
[36mimport[39m { [33
mCard[39m[33m,[39m 
[33mCardContent[39m[3
3m,[39m [33mCardHeade
r[39m[33m,[39m 
[33mCardTitle[39m } 
[36mfrom[39m [32m"@/
components/ui/card"[39
m
 [90m 8 |[39m 
[36mimport[39m { 
[33mButton[39m } 
[36mfrom[39m [32m"@/
components/ui/button"[
39m
 [90m 9 |[39m 
[36mimport[39m { 
[33mBadge[39m } 
[36mfrom[39m [32m"@/
components/ui/badge"[3
9m[0m

The export sendShipping
UpdateEmail was not 
found in module 
[project]/lib/email.ts 
[app-client] 
(ecmascript).
Did you mean to import 
sendOrderConfirmationEm
ail?
All exports of the 
module are statically 
known (It doesn't have 
dynamic exports). So 
it's known statically 
that the requested 
export doesn't exist.

Import traces:
  Client Component 
Browser:
    ./app/admin/orders/
[id]/page.tsx [Client 
Component Browser]
    ./app/admin/orders/
[id]/page.tsx [Server 
Component]

  Client Component SSR:
    ./app/admin/orders/
[id]/page.tsx [Client 
Component SSR]
    ./app/admin/orders/
[id]/page.tsx [Server 
Component]


./app/admin/orders/[id]
/page.tsx:6:1
Export sendShippingUpda
teEmail doesn't exist 
in target module
[0m [90m 4 |[39m 
[36mimport[39m { 
useParams[33m,[39m 
useRouter } 
[36mfrom[39m [32m"ne
xt/navigation"[39m
 [90m 5 |[39m 
[36mimport[39m { 
supabase[33m,[39m 
type [33mOrder[39m[3
3m,[39m type 
[33mOrderItem[39m } 
[36mfrom[39m [32m"@/
lib/supabase"[39m
[31m[1m>[22m[39m[9
0m 6 |[39m 
[36mimport[39m { send
ShippingUpdateEmail } 
[36mfrom[39m 
[32m"@/lib/email"[39m
 [90m   |[39m [31m[
1m^[22m[39m[31m[1m^
[22m[39m[31m[1m^[2
2m[39m[31m[1m^[22m
[39m[31m[1m^[22m[39
m[31m[1m^[22m[39m[
31m[1m^[22m[39m[31m
[1m^[22m[39m[31m[1
m^[22m[39m[31m[1m^
[22m[39m[31m[1m^[22
m[39m[31m[1m^[22m[
39m[31m[1m^[22m[39m
[31m[1m^[22m[39m[3
1m[1m^[22m[39m[31m
[1m^[22m[39m[31m[1m
^[22m[39m[31m[1m^[
22m[39m[31m[1m^[22m
[39m[31m[1m^[22m[3
9m[31m[1m^[22m[39m
[31m[1m^[22m[39m[31
m[1m^[22m[39m[31m[
1m^[22m[39m[31m[1m^
[22m[39m[31m[1m^[2
2m[39m[31m[1m^[22m
[39m[31m[1m^[22m[39
m[31m[1m^[22m[39m[
31m[1m^[22m[39m[31m
[1m^[22m[39m[31m[1
m^[22m[39m[31m[1m^
[22m[39m[31m[1m^[22
m[39m[31m[1m^[22m[
39m[31m[1m^[22m[39m
[31m[1m^[22m[39m[3
1m[1m^[22m[39m[31m
[1m^[22m[39m[31m[1m
^[22m[39m[31m[1m^[
22m[39m[31m[1m^[22m
[39m[31m[1m^[22m[3
9m[31m[1m^[22m[39m
[31m[1m^[22m[39m[31
m[1m^[22m[39m[31m[
1m^[22m[39m[31m[1m^
[22m[39m[31m[1m^[2
2m[39m[31m[1m^[22m
[39m[31m[1m^[22m[39
m[31m[1m^[22m[39m[
31m[1m^[22m[39m
 [90m 7 |[39m 
[36mimport[39m { [33
mCard[39m[33m,[39m 
[33mCardContent[39m[3
3m,[39m [33mCardHeade
r[39m[33m,[39m 
[33mCardTitle[39m } 
[36mfrom[39m [32m"@/
components/ui/card"[39
m
 [90m 8 |[39m 
[36mimport[39m { 
[33mButton[39m } 
[36mfrom[39m [32m"@/
components/ui/button"[
39m
 [90m 9 |[39m 
[36mimport[39m { 
[33mBadge[39m } 
[36mfrom[39m [32m"@/
components/ui/badge"[3
9m[0m

The export sendShipping
UpdateEmail was not 
found in module 
[project]/lib/email.ts 
[app-ssr] (ecmascript).
Did you mean to import 
sendOrderConfirmationEm
ail?
All exports of the 
module are statically 
known (It doesn't have 
dynamic exports). So 
it's known statically 
that the requested 
export doesn't exist.

Import traces:
  Client Component 
Browser:
    ./app/admin/orders/
[id]/page.tsx [Client 
Component Browser]
    ./app/admin/orders/
[id]/page.tsx [Server 
Component]

  Client Component SSR:
    ./app/admin/orders/
[id]/page.tsx [Client 
Component SSR]
    ./app/admin/orders/
[id]/page.tsx [Server 
Component]


./app/auth/callback/rou
te.ts:5:1
Export 
sendWelcomeEmail 
doesn't exist in 
target module
[0m [90m 3 |[39m 
[36mimport[39m { 
[33mNextResponse[39m 
} [36mfrom[39m 
[32m'next/server'[39m
 [90m 4 |[39m 
[36mimport[39m type 
{ 
[33mNextRequest[39m 
} [36mfrom[39m 
[32m'next/server'[39m
[31m[1m>[22m[39m[9
0m 5 |[39m 
[36mimport[39m { 
sendWelcomeEmail } 
[36mfrom[39m 
[32m'@/lib/email'[39m
 [90m   |[39m [31m[
1m^[22m[39m[31m[1m^
[22m[39m[31m[1m^[2
2m[39m[31m[1m^[22m
[39m[31m[1m^[22m[39
m[31m[1m^[22m[39m[
31m[1m^[22m[39m[31m
[1m^[22m[39m[31m[1
m^[22m[39m[31m[1m^
[22m[39m[31m[1m^[22
m[39m[31m[1m^[22m[
39m[31m[1m^[22m[39m
[31m[1m^[22m[39m[3
1m[1m^[22m[39m[31m
[1m^[22m[39m[31m[1m
^[22m[39m[31m[1m^[
22m[39m[31m[1m^[22m
[39m[31m[1m^[22m[3
9m[31m[1m^[22m[39m
[31m[1m^[22m[39m[31
m[1m^[22m[39m[31m[
1m^[22m[39m[31m[1m^
[22m[39m[31m[1m^[2
2m[39m[31m[1m^[22m
[39m[31m[1m^[22m[39
m[31m[1m^[22m[39m[
31m[1m^[22m[39m[31m
[1m^[22m[39m[31m[1
m^[22m[39m[31m[1m^
[22m[39m[31m[1m^[22
m[39m[31m[1m^[22m[
39m[31m[1m^[22m[39m
[31m[1m^[22m[39m[3
1m[1m^[22m[39m[31m
[1m^[22m[39m[31m[1m
^[22m[39m[31m[1m^[
22m[39m[31m[1m^[22m
[39m[31m[1m^[22m[3
9m[31m[1m^[22m[39m
[31m[1m^[22m[39m[31
m[1m^[22m[39m
 [90m 6 |[39m
 [90m 7 |[39m 
[36mexport[39m 
[36masync[39m 
[36mfunction[39m [33
mGET[39m(request[33m:
[39m 
[33mNextRequest[39m) 
{
 [90m 8 |[39m     
[36mconst[39m { searc
hParams[33m,[39m 
origin } [33m=[39m 
[36mnew[39m [33mURL
[39m(request[33m.[39m
url)[0m

The export 
sendWelcomeEmail was 
not found in module 
[project]/lib/email.ts 
[app-route] 
(ecmascript).
Did you mean to import 
sendNewsletterWelcomeEm
ail?
All exports of the 
module are statically 
known (It doesn't have 
dynamic exports). So 
it's known statically 
that the requested 
export doesn't exist.


    at <unknown> (./app
/admin/orders/[id]/page
.tsx:6:1)
    at <unknown> (./app
/admin/orders/[id]/page
.tsx:6:1)
    at <unknown> (./app
/auth/callback/route.ts
:5:1)
